Read	.etc.default.useradd."expire" nil
Read	.etc.default.useradd."group" 100
Read	.etc.default.useradd."groups" "audio,video"
Read	.etc.default.useradd."home" "/home"
Read	.etc.default.useradd."inactive" 0
Read	.etc.default.useradd."shell" 0
Read	.etc.default.useradd."skel" 0
Read	.etc.default.useradd."umask" 0
Read	.target.string "/etc/shells" 0
Read	.etc.nsswitch_conf.passwd 0
Read	.etc.nsswitch_conf.passwd 0
Write	.target.ycp "/var/lib/YaST2/users.ycp" $[] true
Return	
Return	
Execute	.target.bash_output "echo 'ggl' | grep '^[[:alpha:]_][[:alnum:]_.-]*[[:alnum:]_.$-]\\?$'" $["LANG":"C"] $["stdout":"ggl"]
Return	
Return	true
Read	.anyxml "/etc/security/pam_mount.conf.xml" nil
Return	
Execute	.target.bash_output "echo 'hh' | grep '^[[:alpha:]_][[:alnum:]_.-]*[[:alnum:]_.$-]\\?$'" $["LANG":"C"] $["stdout":"hh"]
Return	
Dump	---- unchanged group 'ggl':
Dump	 $["cn":"ggl", "gidNumber":"555", "modified":"added", "org_cn":"ggl", "org_gidNumber":"555", "password":"x", "plugins":[], "type":"local", "userlist":$["hh":"1"], "what":"add_group"]
Dump	---- unchanged group 'audio':
Dump	 $["cn":"audio", "gidNumber":"17", "more_users":$[], "type":"system", "userPassword":"x", "userlist":$["ii":"1"]]
Return	true
Dump	---- changed group 'ggl':
Dump	 $["cn":"ggl", "gidNumber":"555", "modified":"added", "org_cn":"ggl", "org_gidNumber":"555", "password":"x", "plugins":[], "type":"local", "userlist":$[], "what":"user_change"]
Dump	---- changed group 'audio':
Dump	 $["cn":"audio", "gidNumber":"17", "modified":"edited", "more_users":$[], "org_cn":"audio", "org_gidNumber":"17", "type":"system", "userPassword":"x", "userlist":$["hh":"1", "ii":"1"], "what":"user_change"]
