Dump	local user names:
Dump	 []
Read	.etc.default.useradd."expire" nil
Read	.etc.default.useradd."group" 100
Read	.etc.default.useradd."groups" "audio,video"
Read	.etc.default.useradd."home" "/home"
Read	.etc.default.useradd."inactive" nil
Read	.etc.default.useradd."shell" nil
Read	.etc.default.useradd."skel" 0
Read	.etc.default.useradd."umask" 0
Execute	.target.bash_output "echo 'ggg' | grep '^[[:alpha:]_][[:alnum:]_.-]*[[:alnum:]_.$-]\\?$'" $["LANG":"C"] $["stdout":"ggg"]
Read	.target.string "/etc/shells" ""
Return	true
Dump	local user names:
Dump	 ["ggg", "hh", "ii"]
Return	nil
Dump	---- user 'ggg':
Dump	 $["chown_home":true, "cn":"", "create_home":true, "encrypted":true, "gidNumber":"100", "grouplist":$[], "groupname":"users", "homeDirectory":"/home/ggg", "loginShell":"", "modified":"added", "org_homeDirectory":"/home/ggg", "org_uid":"ggg", "org_uidNumber":"1000", "plugins":[], "shadowExpire":"", "shadowFlag":"", "shadowInactive":"", "shadowLastChange":"0", "shadowMax":"99999", "shadowMin":"0", "shadowWarning":"7", "type":"local", "uid":"ggg", "uidNumber":"1000", "userPassword":"crypted_password", "what":"add_user"]
