Dump	==========================================================
Read	.etc.default.useradd."expire" nil
Read	.etc.default.useradd."group" 100
Read	.etc.default.useradd."groups" "audio,video"
Read	.etc.default.useradd."home" "/home"
Read	.etc.default.useradd."inactive" 0
Read	.etc.default.useradd."shell" 0
Read	.etc.default.useradd."skel" 0
Read	.etc.default.useradd."umask" 0
Read	.target.string "/etc/shells" 0
Read	.etc.nsswitch_conf.passwd 0
Read	.etc.nsswitch_conf.passwd 0
Write	.target.ycp "/var/lib/YaST2/users.ycp" $[] true
Return	
Return	nil
Dump	selected user with id 500:
Dump	 $["addit_data":"", "cn":"HaHa", "gidNumber":"100", "grouplist":$[], "groupname":"users", "homeDirectory":"/home/hh", "loginShell":"/bin/bash", "shadowExpire":"", "shadowFlag":"", "shadowInactive":"", "shadowLastChange":"13727", "shadowMax":"99999", "shadowMin":"0", "shadowWarning":"7", "type":"local", "uid":"hh", "uidNumber":"500", "userPassword":"heslo"]
Dump	==========================================================
Return	nil
Dump	selected user with id 25:
Dump	 $["addit_data":"", "cn":"Batch jobs daemon", "gidNumber":"25", "grouplist":$[], "groupname":"", "homeDirectory":"/var/spool/atjobs", "loginShell":"/bin/bash", "shadowExpire":"", "shadowFlag":"", "shadowInactive":"", "shadowLastChange":"13636", "shadowMax":"99999", "shadowMin":"0", "shadowWarning":"7", "type":"system", "uid":"at", "uidNumber":"25", "userPassword":"!"]
Dump	==========================================================
Return	nil
Dump	selected user with id 5001:
Dump	 $[]
