Dump	==========================================================
Return	nil
Return	nil
Dump	============ add new group 'gg': ==========================
Read	.etc.default.useradd."expire" nil
Read	.etc.default.useradd."group" 100
Read	.etc.default.useradd."groups" "audio,video"
Read	.etc.default.useradd."home" "/tmp/local/home"
Read	.etc.default.useradd."inactive" 0
Read	.etc.default.useradd."shell" 0
Read	.etc.default.useradd."skel" 0
Read	.etc.default.useradd."umask" 0
Read	.target.string "/etc/shells" 0
Read	.etc.nsswitch_conf.passwd 0
Read	.etc.nsswitch_conf.passwd 0
Write	.target.ycp "/var/lib/YaST2/users.ycp" $[] true
Execute	.target.bash_output "echo 'gg' | grep '^[[:alpha:]_][[:alnum:]_.-]*[[:alnum:]_.$-]\\?$'" $["LANG":"C"] $["stdout":"gg"]
Execute	.target.bash "/bin/cp /etc/group /etc/group.YaST2save" 0
Write	.target.string "/etc/group" "audio:x:17:ii\nnobody:x:65533:\nroot:x:0:\ngg:x:1000:\nusers:x:100:\n+:::\n" true
Execute	.target.bash "/usr/sbin/nscd -i group" 0
Write	.target.ycp "/var/lib/YaST2/users.ycp" $["custom_groups":["local"], "custom_users":["local"], "dont_warn_when_nisserver_notdes":false, "dont_warn_when_uppercase":false] true
Return	
Dump	============ add new group 'gg' - done ====================
Dump	============ add new group 'gg2' with first userlist as list ==
Read	.etc.default.useradd."expire" nil
Read	.etc.default.useradd."group" 100
Read	.etc.default.useradd."groups" "audio,video"
Read	.etc.default.useradd."home" "/tmp/local/home"
Read	.etc.default.useradd."inactive" 0
Read	.etc.default.useradd."shell" 0
Read	.etc.default.useradd."skel" 0
Read	.etc.default.useradd."umask" 0
Read	.target.string "/etc/shells" 0
Read	.etc.nsswitch_conf.passwd 0
Read	.etc.nsswitch_conf.passwd 0
Write	.target.ycp "/var/lib/YaST2/users.ycp" $[] true
Execute	.target.bash_output "echo 'gg2' | grep '^[[:alpha:]_][[:alnum:]_.-]*[[:alnum:]_.$-]\\?$'" $["LANG":"C"] $["stdout":"gg2"]
Execute	.target.bash "/bin/cp /etc/group /etc/group.YaST2save" 0
Write	.target.string "/etc/group" "audio:x:17:ii\nnobody:x:65533:\nroot:x:0:\ngg:x:1000:\ngg2:x:1001:hh\nusers:x:100:\n+:::\n" true
Execute	.target.bash "/usr/sbin/nscd -i group" 0
Write	.target.ycp "/var/lib/YaST2/users.ycp" $["custom_groups":["local"], "custom_users":["local"], "dont_warn_when_nisserver_notdes":false, "dont_warn_when_uppercase":false] true
Return	
Dump	============ add new group 'gg2' - done ====================
Dump	============ add new group 'gg3' with first userlist as map ==
Read	.etc.default.useradd."expire" nil
Read	.etc.default.useradd."group" 100
Read	.etc.default.useradd."groups" "audio,video"
Read	.etc.default.useradd."home" "/tmp/local/home"
Read	.etc.default.useradd."inactive" 0
Read	.etc.default.useradd."shell" 0
Read	.etc.default.useradd."skel" 0
Read	.etc.default.useradd."umask" 0
Read	.target.string "/etc/shells" 0
Read	.etc.nsswitch_conf.passwd 0
Read	.etc.nsswitch_conf.passwd 0
Write	.target.ycp "/var/lib/YaST2/users.ycp" $[] true
Execute	.target.bash_output "echo 'gg3' | grep '^[[:alpha:]_][[:alnum:]_.-]*[[:alnum:]_.$-]\\?$'" $["LANG":"C"] $["stdout":"gg3"]
Execute	.target.bash "/bin/cp /etc/group /etc/group.YaST2save" 0
Write	.target.string "/etc/group" "audio:x:17:ii\nnobody:x:65533:\nroot:x:0:\ngg:x:1000:\ngg2:x:1001:hh\ngg3:x:1002:hh,ii\nusers:x:100:\n+:::\n" true
Execute	.target.bash "/usr/sbin/nscd -i group" 0
Write	.target.ycp "/var/lib/YaST2/users.ycp" $["custom_groups":["local"], "custom_users":["local"], "dont_warn_when_nisserver_notdes":false, "dont_warn_when_uppercase":false] true
Return	
Dump	============ add new group 'gg3' - done ====================
Dump	============ add new group 'gg4' with non existent user ==
Read	.etc.default.useradd."expire" nil
Read	.etc.default.useradd."group" 100
Read	.etc.default.useradd."groups" "audio,video"
Read	.etc.default.useradd."home" "/tmp/local/home"
Read	.etc.default.useradd."inactive" 0
Read	.etc.default.useradd."shell" 0
Read	.etc.default.useradd."skel" 0
Read	.etc.default.useradd."umask" 0
Read	.target.string "/etc/shells" 0
Read	.etc.nsswitch_conf.passwd 0
Read	.etc.nsswitch_conf.passwd 0
Write	.target.ycp "/var/lib/YaST2/users.ycp" $[] true
Execute	.target.bash_output "echo 'gg4' | grep '^[[:alpha:]_][[:alnum:]_.-]*[[:alnum:]_.$-]\\?$'" $["LANG":"C"] $["stdout":"gg4"]
Return	User hh2 does not exist.
Dump	============ add new group 'gg4' - done ====================
Dump	============ add new group 'root' (groupname conflict): ======
Read	.etc.default.useradd."expire" nil
Read	.etc.default.useradd."group" 100
Read	.etc.default.useradd."groups" "audio,video"
Read	.etc.default.useradd."home" "/tmp/local/home"
Read	.etc.default.useradd."inactive" 0
Read	.etc.default.useradd."shell" 0
Read	.etc.default.useradd."skel" 0
Read	.etc.default.useradd."umask" 0
Read	.target.string "/etc/shells" 0
Read	.etc.nsswitch_conf.passwd 0
Read	.etc.nsswitch_conf.passwd 0
Write	.target.ycp "/var/lib/YaST2/users.ycp" $[] true
Execute	.target.bash_output "echo 'root' | grep '^[[:alpha:]_][[:alnum:]_.-]*[[:alnum:]_.$-]\\?$'" $["LANG":"C"] $["stdout":"root"]
Return	There is a conflict between the entered
Dump	------------ GroupAdd return value:
Dump	There is a conflict between the entered
Dump	group name and an existing group name.
Dump	Try another one.
Dump	============ add new group 'root' - done ====================
Dump	==========================================================
